'FinGNO.cell_integration_contraction' depends on axioms: [propext, Classical.choice, Quot.sound]
'FinGNO.weighted_l1_square_bound' depends on axioms: [propext, Classical.choice, Quot.sound]
'FinGNO.weighted_l1_l2_bound' depends on axioms: [propext, Classical.choice, Quot.sound]
'FinGNO.rate_box_endpoints' depends on axioms: [propext, Classical.choice, Quot.sound]
'FinGNO.pessimistic_policy_regret' depends on axioms: [propext, Classical.choice, Quot.sound]
'FinGNO.expectation_monotone' depends on axioms: [propext, Classical.choice, Quot.sound]
'FinGNO.expectation_sup_error' depends on axioms: [propext, Classical.choice, Quot.sound]
'FinGNO.finite_robust_sandwich' depends on axioms: [propext, Classical.choice, Quot.sound]
'FinGNO.finite_horizon_residual' depends on axioms: [propext, Classical.choice, Quot.sound]
'FinGNO.prefix_cost_error' depends on axioms: [propext, Classical.choice, Quot.sound]
'FinGNO.policy_regret' depends on axioms: [propext, Classical.choice, Quot.sound]
'FinGNO.cvar_objective_error' depends on axioms: [propext, Classical.choice, Quot.sound]
'FinGNO.tv_nonneg' depends on axioms: [propext, Classical.choice, Quot.sound]
'FinGNO.tv_symm' depends on axioms: [propext, Classical.choice, Quot.sound]
'FinGNO.tv_triangle' depends on axioms: [propext, Classical.choice, Quot.sound]
'FinGNO.bounded_expectation_error' depends on axioms: [propext, Classical.choice, Quot.sound]
'FinGNO.event_probability_error' depends on axioms: [propext, Classical.choice, Quot.sound]
'FinGNO.joint_tv_same_base' depends on axioms: [propext, Classical.choice, Quot.sound]
'FinGNO.joint_tv_same_kernel' depends on axioms: [propext, Classical.choice, Quot.sound]
'FinGNO.joint_tv_bound' depends on axioms: [propext, Classical.choice, Quot.sound]
'FinGNO.joint_tv_uniform' depends on axioms: [propext, Classical.choice, Quot.sound]
'FinGNO.history_tv_bound' depends on axioms: [propext, Classical.choice, Quot.sound]
'FinGNO.posterior_acceptance_probability' depends on axioms: [propext, Classical.choice, Quot.sound]
'FinGNO.posterior_thinning_rate' depends on axioms: [propext, Classical.choice, Quot.sound]
'FinGNO.positive_expectation' depends on axioms: [propext, Classical.choice, Quot.sound]
'FinGNO.normalized_return_positive' depends on axioms: [propext, Classical.choice, Quot.sound]
'FinGNO.normalized_return_mean_one' depends on axioms: [propext, Classical.choice, Quot.sound]
'FinGNO.normalized_step_mean' depends on axioms: [propext, Classical.choice, Quot.sound]
'FinGNO.radius_nonneg' depends on axioms: [propext, Classical.choice, Quot.sound]
'FinGNO.radius_sq_succ' depends on axioms: [propext, Classical.choice, Quot.sound]
'FinGNO.radius_monotone' depends on axioms: [propext, Classical.choice, Quot.sound]
'FinGNO.square_step_monotone' depends on axioms: [propext, Classical.choice, Quot.sound]
'FinGNO.error_le_radius' depends on axioms: [propext, Classical.choice, Quot.sound]
'FinGNO.radius_step_bound' depends on axioms: [propext, Classical.choice, Quot.sound]
'FinGNO.radius_sq_le_linearBound' depends on axioms: [propext, Classical.choice, Quot.sound]
'FinGNO.context_independent_exact' depends on axioms: [propext, Classical.choice, Quot.sound]
'FinGNO.exponential_certificate' depends on axioms: [propext, Classical.choice, Quot.sound]
'FinGNO.add_tail_certificate' depends on axioms: [propext, Classical.choice, Quot.sound]
'FinGNO.accepted_event_conserves' depends on axioms: [propext, Quot.sound]
'FinGNO.accepted_replay_conserves' depends on axioms: [propext, Quot.sound]
